Microchip MPLAB XC8 Compiler V2.45

Linker command line:

-W-3 \
  --edf=C:\Program Files\Microchip\xc8\v2.45\pic\dat\20230818022343_en.msgs \
  -cn -h+dist/default/debug\TP2_Partie2.X.debug.sym \
  --cmf=dist/default/debug\TP2_Partie2.X.debug.cmf -z -Q18F25K80 \
  -oC:\Users\e2036958\AppData\Local\Temp\xcAs1450.\driver_tmp_3.o \
  --defsym=__MPLAB_BUILD=1 --fixupoverflow=error \
  -Mdist/default/debug/TP2_Partie2.X.debug.map \
  --md=C:\Users\e2036958\AppData\Local\Temp\xcAs1450.\driver_tmp_0.dat -E1 \
  -ver=XC8 Compiler --acfsm=1493 -ACODE=00h-07FFFh -ACONST=00h-07FFFh \
  -ASMALLCONST=0F00h-0FFFhx113 -AMEDIUMCONST=0F00h-07FFFh -ACOMRAM=01h-05Fh \
  -AABS1=00h-0E40h -ABIGRAM=01h-0E40h \
  -ARAM=060h-0FFh,0100h-01FFhx13,0E00h-0E40h -ABANK0=060h-0FFh \
  -ABANK1=0100h-01FFh -ABANK2=0200h-02FFh -ABANK3=0300h-03FFh \
  -ABANK4=0400h-04FFh -ABANK5=0500h-05FFh -ABANK6=0600h-06FFh \
  -ABANK7=0700h-07FFh -ABANK8=0800h-08FFh -ABANK9=0900h-09FFh \
  -ABANK10=0A00h-0AFFh -ABANK11=0B00h-0BFFh -ABANK12=0C00h-0CFFh \
  -ABANK13=0D00h-0DFFh -ABANK14=0E00h-0E40h \
  -ASFR=0E41h-0EFFh,0F00h-0F5Fh,0F60h-0FFFh -ABIGSFR=0E41h-0FFFh \
  -ACONFIG=0300000h-030000Dh -AIDLOC=0200000h-0200007h \
  -AEEDATA=0F00000h-0F003FFh -peeprom_data=EEDATA \
  -preset_vec=00h,intcode=08h,intcodelo,powerup,init -pramtop=0F00h \
  -psmallconst=SMALLCONST -pmediumconst=MEDIUMCONST -pconst=CONST \
  -AFARRAM=00h-00h \
  -prdata=COMRAM,nvrram=COMRAM,nvbit=COMRAM,rbss=COMRAM,rbit=COMRAM \
  -pfarbss=FARRAM,fardata=FARRAM,nvFARRAM=FARRAM \
  -pintsave_regs=BIGRAM,bigbss=BIGRAM,bigdata=BIGRAM -pbss=RAM \
  -pidata=CODE,irdata=CODE,ibigdata=CODE,ifardata=CODE -prparam=COMRAM \
  C:\Users\e2036958\AppData\Local\Temp\xcAs1450.\driver_tmp_14.o \
  dist/default/debug\TP2_Partie2.X.debug.o 

Object code version is 3.11

Machine type is 18F25K80



                Name                               Link     Load   Length Selector   Space Scale
C:\Users\e2036958\AppData\Local\Temp\xcAs1450.\driver_tmp_14.o
                config                           300000   300000        E        0       4
                init                                 4C       4C        4        4       0
                reset_vec                             0        0        4        0       0
dist/default/debug\TP2_Partie2.X.debug.o
                intcode                               8        8       44        4       0
                config                           300000   300000        E        0       4
                temp                                 59       59        1        1       1
                smallconst                          F00      F00       2A      780       0
                text27                             14E6     14E6       4A      795       0
                text26                             1762     1762        2      795       0
                text25                             15E4     15E4       2E      795       0
                text23                             1754     1754        A      795       0
                text22                             168C     168C       22      795       0
                text21                             174A     174A        A      795       0
                text20                             1740     1740        A      795       0
                text19                             1736     1736        A      795       0
                text18                             1572     1572       3E      795       0
                text17                             175E     175E        4      795       0
                text16                             170C     170C       12      795       0
                text15                             163E     163E       28      795       0
                text14                             1666     1666       26      795       0
                text13                             16C8     16C8       1A      795       0
                text12                             1472     1472       74      795       0
                text11                             16E2     16E2       16      795       0
                text10                             16F8     16F8       14      795       0
                text9                              12FE     12FE       C4      795       0
                text8                              13C2     13C2       B0      795       0
                text7                              15B0     15B0       34      795       0
                text6                              172C     172C        A      795       0
                text5                              1234     1234       CA      795       0
                text4                               F2A      F2A      1C0      795       0
                text3                              1530     1530       42      795       0
                text2                              16AE     16AE       1A      795       0
                text1                              171E     171E        E      795       0
                text0                              10EA     10EA      14A      795       0
                cstackCOMRAM                         31       31       23        1       1
                cstackBANK0                          60       60        5       60       1
                dataCOMRAM                           58       58        1        1       1
                bssCOMRAM                             1        1       30        1       1
                cinit                              1612     1612       2C      795       0
                nvBANK0                              65       65        4       60       1
                nvCOMRAM                             54       54        4        1       1
                idataCOMRAM                        1764     1764        1      795       0

TOTAL           Name                               Link     Load   Length     Space
        CLASS   CODE           
                intcode                               8        8       44         0
                init                                 4C       4C        4         0
                reset_vec                             0        0        4         0
                text27                             14E6     14E6       4A         0
                text26                             1762     1762        2         0
                text25                             15E4     15E4       2E         0
                text23                             1754     1754        A         0
                text22                             168C     168C       22         0
                text21                             174A     174A        A         0
                text20                             1740     1740        A         0
                text19                             1736     1736        A         0
                text18                             1572     1572       3E         0
                text17                             175E     175E        4         0
                text16                             170C     170C       12         0
                text15                             163E     163E       28         0
                text14                             1666     1666       26         0
                text13                             16C8     16C8       1A         0
                text12                             1472     1472       74         0
                text11                             16E2     16E2       16         0
                text10                             16F8     16F8       14         0
                text9                              12FE     12FE       C4         0
                text8                              13C2     13C2       B0         0
                text7                              15B0     15B0       34         0
                text6                              172C     172C        A         0
                text5                              1234     1234       CA         0
                text4                               F2A      F2A      1C0         0
                text3                              1530     1530       42         0
                text2                              16AE     16AE       1A         0
                text1                              171E     171E        E         0
                text0                              10EA     10EA      14A         0
                cinit                              1612     1612       2C         0
                idataCOMRAM                        1764     1764        1         0

        CLASS   CONST          

        CLASS   SMALLCONST     
                smallconst                          F00      F00       2A         0

        CLASS   MEDIUMCONST    

        CLASS   COMRAM         
                temp                                 59       59        1         1
                cstackCOMRAM                         31       31       23         1
                dataCOMRAM                           58       58        1         1
                bssCOMRAM                             1        1       30         1
                nvCOMRAM                             54       54        4         1

        CLASS   ABS1           

        CLASS   BIGRAM         

        CLASS   RAM            

        CLASS   BANK0          
                cstackBANK0                          60       60        5         1
                nvBANK0                              65       65        4         1

        CLASS   BANK1          

        CLASS   BANK2          

        CLASS   BANK3          

        CLASS   BANK4          

        CLASS   BANK5          

        CLASS   BANK6          

        CLASS   BANK7          

        CLASS   BANK8          

        CLASS   BANK9          

        CLASS   BANK10         

        CLASS   BANK11         

        CLASS   BANK12         

        CLASS   BANK13         

        CLASS   BANK14         

        CLASS   SFR            

        CLASS   BIGSFR         

        CLASS   CONFIG         
                config                           300000   300000        E         4

        CLASS   IDLOC          

        CLASS   EEDATA         

        CLASS   FARRAM         

        CLASS   HEAP           

        CLASS   STACK          



SEGMENTS        Name                           Load    Length   Top    Selector   Space  Class

                reset_vec                      000000  000004  000004         0       0  CODE    
                bssCOMRAM                      000001  000059  00005A         1       1  COMRAM  
                intcode                        000008  000048  000050         4       0  CODE    
                cstackBANK0                    000060  000009  000069        60       1  BANK0   
                smallconst                     000F00  00002A  000F2A       780       0  SMALLCON
                text4                          000F2A  00083B  001765       795       0  CODE    


UNUSED ADDRESS RANGES

        Name                Unused          Largest block    Delta
        BANK0            000069-0000FF               97
        BANK1            000100-0001FF              100
        BANK10           000A00-000AFF              100
        BANK11           000B00-000BFF              100
        BANK12           000C00-000CFF              100
        BANK13           000D00-000DFF              100
        BANK14           000E00-000E40               41
        BANK2            000200-0002FF              100
        BANK3            000300-0003FF              100
        BANK4            000400-0004FF              100
        BANK5            000500-0005FF              100
        BANK6            000600-0006FF              100
        BANK7            000700-0007FF              100
        BANK8            000800-0008FF              100
        BANK9            000900-0009FF              100
        BIGRAM           00005A-00005F                6
                         000069-000E40              DD8
        BIGSFR           000E41-000FFF              1BF
        CODE             000004-000007                4
                         000050-000EFF              EB0
                         001765-007FFF             689B
        COMRAM           00005A-00005F                6
        CONST            000004-000007                4
                         000050-000EFF              EB0
                         001765-007FFF             689B
        EEDATA           F00000-F003FF              400
        IDLOC            200000-200007                8
        MEDIUMCONST      001765-007FFF             689B
        RAM              000069-000E40              100
        SFR              000E41-000FFF               BF
        SMALLCONST       001765-007FFF              100

                                  Symbol Table

?___awdiv                                       cstackCOMRAM 000037
?___awmod                                       cstackCOMRAM 000037
?___lwdiv                                       cstackCOMRAM 000037
?_abs                                           cstackCOMRAM 00003D
?_printf                                        cstackBANK0  000060
?_vfprintf                                      cstackCOMRAM 00004E
CCP2_CaptureISR@module                          cstackCOMRAM 000033
CCP2_SetCallBack@customCallBack                 cstackCOMRAM 000037
Capture_CallBack@capturesValue                  cstackCOMRAM 000031
Capture_CallBack@oldBas                         bssCOMRAM    000025
Capture_CallBack@oldHaut                        bssCOMRAM    000027
EUSART1_SetErrorHandler@interruptHandler        cstackCOMRAM 000037
EUSART1_SetFramingErrorHandler@interruptHandler cstackCOMRAM 000037
EUSART1_SetOverrunErrorHandler@interruptHandler cstackCOMRAM 000037
EUSART1_Write@txData                            cstackCOMRAM 000037
_ANCON0                                         (abs)        000F5D
_ANCON1                                         (abs)        000F5C
_BAUDCON1                                       (abs)        000FA7
_Bas                                            bssCOMRAM    000029
_CCP2CON                                        (abs)        000F50
_CCP2_CallBack                                  nvCOMRAM     000056
_CCP2_CaptureISR                                text25       0015E4
_CCP2_DefaultCallBack                           text26       001762
_CCP2_Initialize                                text22       00168C
_CCP2_SetCallBack                               text23       001754
_CCPR2H                                         (abs)        000F52
_CCPR2L                                         (abs)        000F51
_CCPTMRSbits                                    (abs)        000F99
_Capture_CallBack                               text27       0014E6
_EUSART1_DefaultErrorHandler                    (abs)        000000
_EUSART1_DefaultFramingErrorHandler             (abs)        000000
_EUSART1_DefaultOverrunErrorHandler             (abs)        000000
_EUSART1_ErrorHandler                           nvBANK0      000065
_EUSART1_FramingErrorHandler                    nvCOMRAM     000054
_EUSART1_Initialize                             text18       001572
_EUSART1_OverrunErrorHandler                    nvBANK0      000067
_EUSART1_SetErrorHandler                        text21       00174A
_EUSART1_SetFramingErrorHandler                 text20       001740
_EUSART1_SetOverrunErrorHandler                 text19       001736
_EUSART1_Write                                  text11       0016E2
_Haut                                           bssCOMRAM    00002B
_INTCON2bits                                    (abs)        000FF1
_INTCONbits                                     (abs)        000FF2
_INTERRUPT_Initialize                           text17       00175E
_INTERRUPT_InterruptManager                     intcode      000008
_LATA                                           (abs)        000F89
_LATB                                           (abs)        000F8A
_LATC                                           (abs)        000F8B
_OSCCON                                         (abs)        000FD3
_OSCCON2                                        (abs)        000FD2
_OSCILLATOR_Initialize                          text16       00170C
_OSCTUNE                                        (abs)        000F9B
_PIE3bits                                       (abs)        000FA3
_PIN_MANAGER_Initialize                         text15       00163E
_PIR1bits                                       (abs)        000F9E
_PIR3bits                                       (abs)        000FA4
_RCONbits                                       (abs)        000FD0
_RCREG1                                         (abs)        000FAE
_RCSTA1                                         (abs)        000FAB
_RCSTA1bits                                     (abs)        000FAB
_REFOCON                                        (abs)        000F9A
_SPBRG1                                         (abs)        000FAF
_SPBRGH1                                        (abs)        000F7D
_SYSTEM_Initialize                              text13       0016C8
_T1CON                                          (abs)        000FCD
_T1CONbits                                      (abs)        000FCD
_T1GCON                                         (abs)        000FAA
_T1GCONbits                                     (abs)        000FAA
_TMR1H                                          (abs)        000FCF
_TMR1L                                          (abs)        000FCE
_TMR1_Initialize                                text14       001666
_TRISA                                          (abs)        000F92
_TRISB                                          (abs)        000F93
_TRISC                                          (abs)        000F94
_TXREG1                                         (abs)        000FAD
_TXSTA1                                         (abs)        000FAC
_TXSTA1bits                                     (abs)        000FAC
_WPUB                                           (abs)        000F5B
__HRAM                                          (abs)        000000
__H__absolute__                                 __absolute__ 000000
__Habs1                                         abs1         000000
__Hbank0                                        bank0        000000
__Hbank1                                        bank1        000000
__Hbank10                                       bank10       000000
__Hbank11                                       bank11       000000
__Hbank12                                       bank12       000000
__Hbank13                                       bank13       000000
__Hbank14                                       bank14       000000
__Hbank2                                        bank2        000000
__Hbank3                                        bank3        000000
__Hbank4                                        bank4        000000
__Hbank5                                        bank5        000000
__Hbank6                                        bank6        000000
__Hbank7                                        bank7        000000
__Hbank8                                        bank8        000000
__Hbank9                                        bank9        000000
__Hbigbss                                       bigbss       000000
__Hbigdata                                      bigdata      000000
__Hbigram                                       bigram       000000
__Hbigsfr                                       bigsfr       000000
__Hbss                                          bss          000000
__HbssCOMRAM                                    bssCOMRAM    000000
__Hcinit                                        cinit        000000
__Hclrtext                                      clrtext      000000
__Hcomram                                       comram       000000
__Hconfig                                       config       30000E
__Hconst                                        const        000000
__HcstackBANK0                                  cstackBANK0  000000
__HcstackCOMRAM                                 cstackCOMRAM 000000
__Hdata                                         data         000000
__HdataCOMRAM                                   dataCOMRAM   000000
__Heeprom_data                                  eeprom_data  000000
__Hfarbss                                       farbss       000000
__Hfardata                                      fardata      000000
__Hheap                                         heap         000000
__Hibigdata                                     ibigdata     000000
__Hidata                                        idata        000000
__HidataCOMRAM                                  idataCOMRAM  000000
__Hidloc                                        idloc        000000
__Hifardata                                     ifardata     000000
__Hinit                                         init         000050
__Hintcode                                      intcode      00004C
__Hintcode_body                                 intcode_body 000000
__Hintcodelo                                    intcodelo    00004C
__Hintentry                                     intentry     000000
__Hintret                                       intret       000000
__Hintsave_regs                                 intsave_regs 000000
__Hirdata                                       irdata       000000
__Hmediumconst                                  mediumconst  000000
__HnvBANK0                                      nvBANK0      000000
__HnvCOMRAM                                     nvCOMRAM     000000
__HnvFARRAM                                     nvFARRAM     000000
__Hnvbit                                        nvbit        000000
__Hnvrram                                       nvrram       000000
__Hparam                                        rparam       000000
__Hpowerup                                      powerup      00004C
__Hram                                          ram          000000
__Hramtop                                       ramtop       000F00
__Hrbit                                         rbit         000000
__Hrbss                                         rbss         000000
__Hrdata                                        rdata        000000
__Hreset_vec                                    reset_vec    000004
__Hrparam                                       rparam       000000
__Hsfr                                          sfr          000000
__Hsmallconst                                   smallconst   000F2A
__Hspace_0                                      (abs)        001765
__Hspace_1                                      (abs)        000069
__Hspace_2                                      (abs)        000000
__Hspace_4                                      (abs)        60000E
__Hstack                                        stack        000000
__Hstruct                                       struct       000000
__Htemp                                         temp         00005A
__Htext                                         text         000000
__Htext0                                        text0        000000
__Htext1                                        text1        000000
__Htext10                                       text10       000000
__Htext11                                       text11       000000
__Htext12                                       text12       000000
__Htext13                                       text13       000000
__Htext14                                       text14       000000
__Htext15                                       text15       000000
__Htext16                                       text16       000000
__Htext17                                       text17       000000
__Htext18                                       text18       000000
__Htext19                                       text19       000000
__Htext2                                        text2        000000
__Htext20                                       text20       000000
__Htext21                                       text21       000000
__Htext22                                       text22       000000
__Htext23                                       text23       000000
__Htext25                                       text25       000000
__Htext26                                       text26       000000
__Htext27                                       text27       000000
__Htext28                                       text28       000000
__Htext3                                        text3        000000
__Htext4                                        text4        000000
__Htext5                                        text5        000000
__Htext6                                        text6        000000
__Htext7                                        text7        000000
__Htext8                                        text8        000000
__Htext9                                        text9        000000
__LRAM                                          (abs)        000001
__L__absolute__                                 __absolute__ 000000
__Labs1                                         abs1         000000
__Lbank0                                        bank0        000000
__Lbank1                                        bank1        000000
__Lbank10                                       bank10       000000
__Lbank11                                       bank11       000000
__Lbank12                                       bank12       000000
__Lbank13                                       bank13       000000
__Lbank14                                       bank14       000000
__Lbank2                                        bank2        000000
__Lbank3                                        bank3        000000
__Lbank4                                        bank4        000000
__Lbank5                                        bank5        000000
__Lbank6                                        bank6        000000
__Lbank7                                        bank7        000000
__Lbank8                                        bank8        000000
__Lbank9                                        bank9        000000
__Lbigbss                                       bigbss       000000
__Lbigdata                                      bigdata      000000
__Lbigram                                       bigram       000000
__Lbigsfr                                       bigsfr       000000
__Lbss                                          bss          000000
__LbssCOMRAM                                    bssCOMRAM    000000
__Lcinit                                        cinit        000000
__Lclrtext                                      clrtext      000000
__Lcomram                                       comram       000000
__Lconfig                                       config       000000
__Lconst                                        const        000000
__LcstackBANK0                                  cstackBANK0  000000
__LcstackCOMRAM                                 cstackCOMRAM 000000
__Ldata                                         data         000000
__LdataCOMRAM                                   dataCOMRAM   000000
__Leeprom_data                                  eeprom_data  000000
__Lfarbss                                       farbss       000000
__Lfardata                                      fardata      000000
__Lheap                                         heap         000000
__Libigdata                                     ibigdata     000000
__Lidata                                        idata        000000
__LidataCOMRAM                                  idataCOMRAM  000000
__Lidloc                                        idloc        000000
__Lifardata                                     ifardata     000000
__Linit                                         init         00004C
__Lintcode                                      intcode      000008
__Lintcode_body                                 intcode_body 000000
__Lintcodelo                                    intcodelo    00004C
__Lintentry                                     intentry     000000
__Lintret                                       intret       000000
__Lintsave_regs                                 intsave_regs 000000
__Lirdata                                       irdata       000000
__Lmediumconst                                  mediumconst  000000
__LnvBANK0                                      nvBANK0      000000
__LnvCOMRAM                                     nvCOMRAM     000000
__LnvFARRAM                                     nvFARRAM     000000
__Lnvbit                                        nvbit        000000
__Lnvrram                                       nvrram       000000
__Lparam                                        rparam       000000
__Lpowerup                                      powerup      00004C
__Lram                                          ram          000000
__Lramtop                                       ramtop       000F00
__Lrbit                                         rbit         000000
__Lrbss                                         rbss         000000
__Lrdata                                        rdata        000000
__Lreset_vec                                    reset_vec    000000
__Lrparam                                       rparam       000000
__Lsfr                                          sfr          000000
__Lsmallconst                                   smallconst   000F00
__Lspace_0                                      (abs)        000000
__Lspace_1                                      (abs)        000000
__Lspace_2                                      (abs)        000000
__Lspace_4                                      (abs)        000000
__Lstack                                        stack        000000
__Lstruct                                       struct       000000
__Ltemp                                         temp         000059
__Ltext                                         text         000000
__Ltext0                                        text0        000000
__Ltext1                                        text1        000000
__Ltext10                                       text10       000000
__Ltext11                                       text11       000000
__Ltext12                                       text12       000000
__Ltext13                                       text13       000000
__Ltext14                                       text14       000000
__Ltext15                                       text15       000000
__Ltext16                                       text16       000000
__Ltext17                                       text17       000000
__Ltext18                                       text18       000000
__Ltext19                                       text19       000000
__Ltext2                                        text2        000000
__Ltext20                                       text20       000000
__Ltext21                                       text21       000000
__Ltext22                                       text22       000000
__Ltext23                                       text23       000000
__Ltext25                                       text25       000000
__Ltext26                                       text26       000000
__Ltext27                                       text27       000000
__Ltext28                                       text28       000000
__Ltext3                                        text3        000000
__Ltext4                                        text4        000000
__Ltext5                                        text5        000000
__Ltext6                                        text6        000000
__Ltext7                                        text7        000000
__Ltext8                                        text8        000000
__Ltext9                                        text9        000000
__S0                                            (abs)        001765
__S1                                            (abs)        000069
__S4                                            (abs)        000000
__S5                                            (abs)        000000
___awdiv                                        text9        0012FE
___awdiv@counter                                cstackCOMRAM 00003B
___awdiv@dividend                               cstackCOMRAM 000037
___awdiv@divisor                                cstackCOMRAM 000039
___awdiv@quotient                               cstackCOMRAM 00003D
___awdiv@sign                                   cstackCOMRAM 00003C
___awmod                                        text8        0013C2
___awmod@counter                                cstackCOMRAM 00003B
___awmod@dividend                               cstackCOMRAM 000037
___awmod@divisor                                cstackCOMRAM 000039
___awmod@sign                                   cstackCOMRAM 00003C
___heap_hi                                      (abs)        000000
___heap_lo                                      (abs)        000000
___inthi_sp                                     stack        000000
___inthi_stack_hi                               stack        000000
___inthi_stack_lo                               stack        000000
___intlo_sp                                     stack        000000
___intlo_stack_hi                               stack        000000
___intlo_stack_lo                               stack        000000
___lwdiv                                        text12       001472
___lwdiv@counter                                cstackCOMRAM 00003D
___lwdiv@dividend                               cstackCOMRAM 000037
___lwdiv@divisor                                cstackCOMRAM 000039
___lwdiv@quotient                               cstackCOMRAM 00003B
___param_bank                                   (abs)        000000
___rparam_used                                  (abs)        000001
___sp                                           stack        000000
___stack_hi                                     stack        000000
___stack_lo                                     stack        000000
__accesstop                                     (abs)        000060
__activetblptr                                  (abs)        000002
__end_of_CCP2_CaptureISR                        text25       001612
__end_of_CCP2_DefaultCallBack                   text26       001764
__end_of_CCP2_Initialize                        text22       0016AE
__end_of_CCP2_SetCallBack                       text23       00175E
__end_of_Capture_CallBack                       text27       001530
__end_of_EUSART1_Initialize                     text18       0015B0
__end_of_EUSART1_SetErrorHandler                text21       001754
__end_of_EUSART1_SetFramingErrorHandler         text20       00174A
__end_of_EUSART1_SetOverrunErrorHandler         text19       001740
__end_of_EUSART1_Write                          text11       0016F8
__end_of_INTERRUPT_Initialize                   text17       001762
__end_of_INTERRUPT_InterruptManager             intcode      00004C
__end_of_OSCILLATOR_Initialize                  text16       00171E
__end_of_PIN_MANAGER_Initialize                 text15       001666
__end_of_SYSTEM_Initialize                      text13       0016E2
__end_of_TMR1_Initialize                        text14       00168C
__end_of___awdiv                                text9        0013C2
__end_of___awmod                                text8        001472
__end_of___lwdiv                                text12       0014E6
__end_of__initialization                        cinit        001630
__end_of_abs                                    text7        0015E4
__end_of_curseurPosition                        text10       00170C
__end_of_fputc                                  text5        0012FE
__end_of_main                                   text0        001234
__end_of_printf                                 text2        0016C8
__end_of_putch                                  text6        001736
__end_of_vfpfcnvrt                              text4        0010EA
__end_of_vfprintf                               text3        001572
__end_of_videEcran                              text1        00172C
__initialization                                cinit        001612
__mediumconst                                   mediumconst  000000
__pbssCOMRAM                                    bssCOMRAM    000001
__pcinit                                        cinit        001612
__pcstackBANK0                                  cstackBANK0  000060
__pcstackCOMRAM                                 cstackCOMRAM 000031
__pdataCOMRAM                                   dataCOMRAM   000058
__pidataCOMRAM                                  idataCOMRAM  001764
__pintcode                                      intcode      000008
__pnvBANK0                                      nvBANK0      000065
__pnvCOMRAM                                     nvCOMRAM     000054
__psmallconst                                   smallconst   000F00
__ptext0                                        text0        0010EA
__ptext1                                        text1        00171E
__ptext10                                       text10       0016F8
__ptext11                                       text11       0016E2
__ptext12                                       text12       001472
__ptext13                                       text13       0016C8
__ptext14                                       text14       001666
__ptext15                                       text15       00163E
__ptext16                                       text16       00170C
__ptext17                                       text17       00175E
__ptext18                                       text18       001572
__ptext19                                       text19       001736
__ptext2                                        text2        0016AE
__ptext20                                       text20       001740
__ptext21                                       text21       00174A
__ptext22                                       text22       00168C
__ptext23                                       text23       001754
__ptext25                                       text25       0015E4
__ptext26                                       text26       001762
__ptext27                                       text27       0014E6
__ptext28                                       text28       000000
__ptext3                                        text3        001530
__ptext4                                        text4        000F2A
__ptext5                                        text5        001234
__ptext6                                        text6        00172C
__ptext7                                        text7        0015B0
__ptext8                                        text8        0013C2
__ptext9                                        text9        0012FE
__ramtop                                        ramtop       000F00
__smallconst                                    smallconst   000F00
_abs                                            text7        0015B0
_curseurPosition                                text10       0016F8
_dbuf                                           bssCOMRAM    000001
_eusart1RxLastError                             bssCOMRAM    000030
_flags                                          bssCOMRAM    00002F
_fputc                                          text5        001234
_main                                           text0        0010EA
_prec                                           bssCOMRAM    000023
_printf                                         text2        0016AE
_putch                                          text6        00172C
_rising                                         dataCOMRAM   000058
_timer1ReloadVal                                bssCOMRAM    00002D
_vfpfcnvrt                                      text4        000F2A
_vfprintf                                       text3        001530
_videEcran                                      text1        00171E
_width                                          bssCOMRAM    000021
abs@a                                           cstackCOMRAM 00003D
btemp                                           temp         000059
curseurPosition@position                        cstackCOMRAM 000038
end_of_initialization                           cinit        001630
fputc@c                                         cstackCOMRAM 000039
fputc@fp                                        cstackCOMRAM 00003B
int$flags                                       temp         000059
intlevel0                                       text         000000
intlevel1                                       text         000000
intlevel2                                       text         000000
intlevel3                                       text         000000
isa$std                                         (abs)        000001
isa$xinst                                       (abs)        000000
printf@ap                                       cstackCOMRAM 000053
printf@fmt                                      cstackBANK0  000060
putch@txData                                    cstackCOMRAM 000038
stackhi                                         (abs)        000000
stacklo                                         (abs)        000000
start                                           init         00004C
start_initialization                            cinit        001612
ttemp5                                          temp         00005A
ttemp6                                          temp         00005D
ttemp7                                          temp         000061
vfpfcnvrt@ap                                    cstackCOMRAM 000045
vfpfcnvrt@c                                     cstackCOMRAM 00004D
vfpfcnvrt@convarg                               cstackCOMRAM 000049
vfpfcnvrt@cp                                    cstackCOMRAM 000048
vfpfcnvrt@done                                  cstackCOMRAM 000047
vfpfcnvrt@fmt                                   cstackCOMRAM 000044
vfpfcnvrt@fp                                    cstackCOMRAM 000042
vfprintf@ap                                     cstackCOMRAM 000051
vfprintf@cfmt                                   cstackCOMRAM 000052
vfprintf@fmt                                    cstackCOMRAM 000050
vfprintf@fp                                     cstackCOMRAM 00004E
wtemp8                                          temp         00005A


MODULE INFORMATION

Module		Function		Class		Link	Load	Size
mcc_generated_files/interrupt_manager.c
		_INTERRUPT_Initialize		CODE           	175E	0000	4
		_INTERRUPT_InterruptManager		CODE           	0008	0000	68

mcc_generated_files/interrupt_manager.c estimated size: 72

mcc_generated_files/pin_manager.c
		_PIN_MANAGER_Initialize		CODE           	163E	0000	40

mcc_generated_files/pin_manager.c estimated size: 40

C:\Program Files\Microchip\xc8\v2.45\pic\sources\c99\common\printf.c
		_printf        		CODE           	16AE	0000	26

C:\Program Files\Microchip\xc8\v2.45\pic\sources\c99\common\printf.c estimated size: 26

mcc_generated_files/ccp2.c
		_CCP2_SetCallBack		CODE           	1754	0000	10
		_CCP2_CaptureISR		CODE           	15E4	0000	46
		_CCP2_DefaultCallBack		CODE           	1762	0000	2
		_CCP2_Initialize		CODE           	168C	0000	34

mcc_generated_files/ccp2.c estimated size: 92

ecran.c
		_curseurPosition		CODE           	16F8	0000	20
		_videEcran     		CODE           	171E	0000	14

ecran.c estimated size: 34

C:\Program Files\Microchip\xc8\v2.45\pic\sources\c99\common\awmod.c
		___awmod       		CODE           	13C2	0000	176

C:\Program Files\Microchip\xc8\v2.45\pic\sources\c99\common\awmod.c estimated size: 176

shared
		__initialization		CODE           	1612	0000	30

shared estimated size: 30

mcc_generated_files/eusart1.c
		_EUSART1_Initialize		CODE           	1572	0000	62
		_putch         		CODE           	172C	0000	10
		_EUSART1_SetFramingErrorHandler		CODE           	1740	0000	10
		_EUSART1_SetOverrunErrorHandler		CODE           	1736	0000	10
		_EUSART1_SetErrorHandler		CODE           	174A	0000	10
		_EUSART1_Write 		CODE           	16E2	0000	22

mcc_generated_files/eusart1.c estimated size: 124

C:\Program Files\Microchip\xc8\v2.45\pic\sources\c99\common\abs.c
		_abs           		CODE           	15B0	0000	52

C:\Program Files\Microchip\xc8\v2.45\pic\sources\c99\common\abs.c estimated size: 52

mcc_generated_files/mcc.c
		_OSCILLATOR_Initialize		CODE           	170C	0000	18
		_SYSTEM_Initialize		CODE           	16C8	0000	26

mcc_generated_files/mcc.c estimated size: 44

mcc_generated_files/tmr1.c
		_TMR1_Initialize		CODE           	1666	0000	38

mcc_generated_files/tmr1.c estimated size: 38

main.c
		_main          		CODE           	10EA	0000	330
		_Capture_CallBack		CODE           	14E6	0000	74

main.c estimated size: 404

C:\Program Files\Microchip\xc8\v2.45\pic\sources\c99\common\nf_fputc.c
		_fputc         		CODE           	1234	0000	202

C:\Program Files\Microchip\xc8\v2.45\pic\sources\c99\common\nf_fputc.c estimated size: 202

C:\Program Files\Microchip\xc8\v2.45\pic\sources\c99\common\doprnt.c
		_vfpfcnvrt     		CODE           	0F2A	0000	448
		_vfprintf      		CODE           	1530	0000	66

C:\Program Files\Microchip\xc8\v2.45\pic\sources\c99\common\doprnt.c estimated size: 514

C:\Program Files\Microchip\xc8\v2.45\pic\sources\c99\common\lwdiv.c
		___lwdiv       		CODE           	1472	0000	116

C:\Program Files\Microchip\xc8\v2.45\pic\sources\c99\common\lwdiv.c estimated size: 116

C:\Program Files\Microchip\xc8\v2.45\pic\sources\c99\common\awdiv.c
		___awdiv       		CODE           	12FE	0000	196

C:\Program Files\Microchip\xc8\v2.45\pic\sources\c99\common\awdiv.c estimated size: 196

