Microchip MPLAB XC8 Compiler V2.45

Linker command line:

-W-3 \
  --edf=C:\Program Files\Microchip\xc8\v2.45\pic\dat\20230818022343_en.msgs \
  -cn -h+dist/default/production\TP2_Partie1.X.production.sym \
  --cmf=dist/default/production\TP2_Partie1.X.production.cmf -z -Q18F25K80 \
  -oC:\Users\e2036958\AppData\Local\Temp\xcAsmg0.\driver_tmp_3.o \
  --defsym=__MPLAB_BUILD=1 --fixupoverflow=error \
  -Mdist/default/production/TP2_Partie1.X.production.map \
  --md=C:\Users\e2036958\AppData\Local\Temp\xcAsmg0.\driver_tmp_0.dat -E1 \
  -ver=XC8 Compiler --acfsm=1493 -ACODE=00h-07FFFh -ACONST=00h-07FFFh \
  -ASMALLCONST=0F00h-0FFFhx113 -AMEDIUMCONST=0F00h-07FFFh -ACOMRAM=01h-05Fh \
  -AABS1=00h-0E40h -ABIGRAM=01h-0E40h \
  -ARAM=060h-0FFh,0100h-01FFhx13,0E00h-0E40h -ABANK0=060h-0FFh \
  -ABANK1=0100h-01FFh -ABANK2=0200h-02FFh -ABANK3=0300h-03FFh \
  -ABANK4=0400h-04FFh -ABANK5=0500h-05FFh -ABANK6=0600h-06FFh \
  -ABANK7=0700h-07FFh -ABANK8=0800h-08FFh -ABANK9=0900h-09FFh \
  -ABANK10=0A00h-0AFFh -ABANK11=0B00h-0BFFh -ABANK12=0C00h-0CFFh \
  -ABANK13=0D00h-0DFFh -ABANK14=0E00h-0E40h \
  -ASFR=0E41h-0EFFh,0F00h-0F5Fh,0F60h-0FFFh -ABIGSFR=0E41h-0FFFh \
  -ACONFIG=0300000h-030000Dh -AIDLOC=0200000h-0200007h \
  -AEEDATA=0F00000h-0F003FFh -peeprom_data=EEDATA \
  -preset_vec=00h,intcode=08h,intcodelo,powerup,init -pramtop=0F00h \
  -psmallconst=SMALLCONST -pmediumconst=MEDIUMCONST -pconst=CONST \
  -AFARRAM=00h-00h \
  -prdata=COMRAM,nvrram=COMRAM,nvbit=COMRAM,rbss=COMRAM,rbit=COMRAM \
  -pfarbss=FARRAM,fardata=FARRAM,nvFARRAM=FARRAM \
  -pintsave_regs=BIGRAM,bigbss=BIGRAM,bigdata=BIGRAM -pbss=RAM \
  -pidata=CODE,irdata=CODE,ibigdata=CODE,ifardata=CODE -prparam=COMRAM \
  C:\Users\e2036958\AppData\Local\Temp\xcAsmg0.\driver_tmp_14.o \
  dist/default/production\TP2_Partie1.X.production.o 

Object code version is 3.11

Machine type is 18F25K80



                Name                               Link     Load   Length Selector   Space Scale
C:\Users\e2036958\AppData\Local\Temp\xcAsmg0.\driver_tmp_14.o
                config                           300000   300000        E        0       4
                init                                 B0       B0        4        4       0
                reset_vec                             0        0        4        0       0
dist/default/production\TP2_Partie1.X.production.o
                intcode                               8        8       A8        4       0
                config                           300000   300000        E        0       4
                temp                                 5B       5B        1        1       1
                smallconst                          F00      F00       38      780       0
                text31                             1D78     1D78       26      79C       0
                text30                             1E48     1E48        6      79C       0
                text29                             1E52     1E52        2      79C       0
                text28                             1E42     1E42        6      79C       0
                text27                             1A44     1A44       B0      79C       0
                text26                             1CEE     1CEE       3C      79C       0
                text24                             1C28     1C28       48      79C       0
                text23                             1CB2     1CB2       3C      79C       0
                text22                             1E38     1E38        A      79C       0
                text21                             1E2E     1E2E        A      79C       0
                text20                             1E24     1E24        A      79C       0
                text19                             1E1A     1E1A        A      79C       0
                text18                             1E10     1E10        A      79C       0
                text17                             1AF4     1AF4       74      79C       0
                text16                             1E4E     1E4E        4      79C       0
                text15                             1DE4     1DE4       12      79C       0
                text14                             1D2A     1D2A       28      79C       0
                text13                             1DD2     1DD2       12      79C       0
                text12                             1DF6     1DF6       10      79C       0
                text11                             1DB8     1DB8       1A      79C       0
                text10                             1BD6     1BD6       52      79C       0
                text9                              1E06     1E06        A      79C       0
                text8                              1802     1802       CA      79C       0
                text7                              1B68     1B68       6E      79C       0
                text6                              1C70     1C70       42      79C       0
                text5                              1D9E     1D9E       1A      79C       0
                text4                              1362     1362      39A      79C       0
                text3                               F38      F38      42A      79C       0
                text2                              16FC     16FC      106      79C       0
                text1                              18CC     18CC       BE      79C       0
                text0                              198A     198A       BA      79C       0
                cstackCOMRAM                          1        1       4A        1       1
                cstackBANK0                          9E       9E        4       60       1
                bssBANK0                             60       60       38       60       1
                bssCOMRAM                            4B       4B        C        1       1
                cinit                              1D52     1D52       26      79C       0
                nvBANK0                              98       98        6       60       1
                nvCOMRAM                             57       57        4        1       1

TOTAL           Name                               Link     Load   Length     Space
        CLASS   CODE           
                intcode                               8        8       A8         0
                init                                 B0       B0        4         0
                reset_vec                             0        0        4         0
                text31                             1D78     1D78       26         0
                text30                             1E48     1E48        6         0
                text29                             1E52     1E52        2         0
                text28                             1E42     1E42        6         0
                text27                             1A44     1A44       B0         0
                text26                             1CEE     1CEE       3C         0
                text24                             1C28     1C28       48         0
                text23                             1CB2     1CB2       3C         0
                text22                             1E38     1E38        A         0
                text21                             1E2E     1E2E        A         0
                text20                             1E24     1E24        A         0
                text19                             1E1A     1E1A        A         0
                text18                             1E10     1E10        A         0
                text17                             1AF4     1AF4       74         0
                text16                             1E4E     1E4E        4         0
                text15                             1DE4     1DE4       12         0
                text14                             1D2A     1D2A       28         0
                text13                             1DD2     1DD2       12         0
                text12                             1DF6     1DF6       10         0
                text11                             1DB8     1DB8       1A         0
                text10                             1BD6     1BD6       52         0
                text9                              1E06     1E06        A         0
                text8                              1802     1802       CA         0
                text7                              1B68     1B68       6E         0
                text6                              1C70     1C70       42         0
                text5                              1D9E     1D9E       1A         0
                text4                              1362     1362      39A         0
                text3                               F38      F38      42A         0
                text2                              16FC     16FC      106         0
                text1                              18CC     18CC       BE         0
                text0                              198A     198A       BA         0
                cinit                              1D52     1D52       26         0

        CLASS   CONST          

        CLASS   SMALLCONST     
                smallconst                          F00      F00       38         0

        CLASS   MEDIUMCONST    

        CLASS   COMRAM         
                temp                                 5B       5B        1         1
                cstackCOMRAM                          1        1       4A         1
                bssCOMRAM                            4B       4B        C         1
                nvCOMRAM                             57       57        4         1

        CLASS   ABS1           

        CLASS   BIGRAM         

        CLASS   RAM            

        CLASS   BANK0          
                cstackBANK0                          9E       9E        4         1
                bssBANK0                             60       60       38         1
                nvBANK0                              98       98        6         1

        CLASS   BANK1          

        CLASS   BANK2          

        CLASS   BANK3          

        CLASS   BANK4          

        CLASS   BANK5          

        CLASS   BANK6          

        CLASS   BANK7          

        CLASS   BANK8          

        CLASS   BANK9          

        CLASS   BANK10         

        CLASS   BANK11         

        CLASS   BANK12         

        CLASS   BANK13         

        CLASS   BANK14         

        CLASS   SFR            

        CLASS   BIGSFR         

        CLASS   CONFIG         
                config                           300000   300000        E         4

        CLASS   IDLOC          

        CLASS   EEDATA         

        CLASS   FARRAM         

        CLASS   HEAP           

        CLASS   STACK          



SEGMENTS        Name                           Load    Length   Top    Selector   Space  Class

                reset_vec                      000000  000004  000004         0       0  CODE    
                cstackCOMRAM                   000001  00005B  00005C         1       1  COMRAM  
                intcode                        000008  0000AC  0000B4         4       0  CODE    
                bssBANK0                       000060  000042  0000A2        60       1  BANK0   
                smallconst                     000F00  000038  000F38       780       0  SMALLCON
                text3                          000F38  000F1C  001E54       79C       0  CODE    


UNUSED ADDRESS RANGES

        Name                Unused          Largest block    Delta
        BANK0            0000A2-0000FF               5E
        BANK1            000100-0001FF              100
        BANK10           000A00-000AFF              100
        BANK11           000B00-000BFF              100
        BANK12           000C00-000CFF              100
        BANK13           000D00-000DFF              100
        BANK14           000E00-000E40               41
        BANK2            000200-0002FF              100
        BANK3            000300-0003FF              100
        BANK4            000400-0004FF              100
        BANK5            000500-0005FF              100
        BANK6            000600-0006FF              100
        BANK7            000700-0007FF              100
        BANK8            000800-0008FF              100
        BANK9            000900-0009FF              100
        BIGRAM           00005C-00005F                4
                         0000A2-000E40              D9F
        BIGSFR           000E41-000FFF              1BF
        CODE             000004-000007                4
                         0000B4-000EFF              E4C
                         001E54-007FFF             61AC
        COMRAM           00005C-00005F                4
        CONST            000004-000007                4
                         0000B4-000EFF              E4C
                         001E54-007FFF             61AC
        EEDATA           F00000-F003FF              400
        IDLOC            200000-200007                8
        MEDIUMCONST      001E54-007FFF             61AC
        RAM              0000A2-000E40              100
        SFR              000E41-000FFF               BF
        SMALLCONST       001E54-007FFF              100

                                  Symbol Table

?___fldiv                                       cstackCOMRAM 000005
?___flmul                                       cstackCOMRAM 00001E
?___fltol                                       cstackCOMRAM 000037
?_printf                                        cstackCOMRAM 000019
?_trouver_CCPR                                  cstackCOMRAM 000041
?_vfprintf                                      cstackCOMRAM 000014
EUSART1_Read@readValue                          cstackCOMRAM 000005
EUSART1_SetErrorHandler@interruptHandler        cstackCOMRAM 000005
EUSART1_SetFramingErrorHandler@interruptHandler cstackCOMRAM 000005
EUSART1_SetOverrunErrorHandler@interruptHandler cstackCOMRAM 000005
EUSART1_SetRxInterruptHandler@interruptHandler  cstackCOMRAM 000005
EUSART1_SetTxInterruptHandler@interruptHandler  cstackCOMRAM 000005
EUSART1_Write@txData                            cstackCOMRAM 000005
PWM2_LoadDutyValue@dutyValue                    cstackCOMRAM 000049
_ANCON0                                         (abs)        000F5D
_ANCON1                                         (abs)        000F5C
_BAUDCON1                                       (abs)        000FA7
_CCP2CON                                        (abs)        000F50
_CCPR2H                                         (abs)        000F52
_CCPR2L                                         (abs)        000F51
_CCPTMRSbits                                    (abs)        000F99
_EUSART1_DefaultErrorHandler                    text30       001E48
_EUSART1_DefaultFramingErrorHandler             text29       001E52
_EUSART1_DefaultOverrunErrorHandler             text28       001E42
_EUSART1_ErrorHandler                           nvBANK0      000098
_EUSART1_FramingErrorHandler                    nvBANK0      00009C
_EUSART1_Initialize                             text17       001AF4
_EUSART1_OverrunErrorHandler                    nvBANK0      00009A
_EUSART1_Read                                   text24       001C28
_EUSART1_Receive_ISR                            text27       001A44
_EUSART1_RxDataHandler                          text31       001D78
_EUSART1_RxDefaultInterruptHandler              nvCOMRAM     000057
_EUSART1_SetErrorHandler                        text22       001E38
_EUSART1_SetFramingErrorHandler                 text21       001E2E
_EUSART1_SetOverrunErrorHandler                 text20       001E24
_EUSART1_SetRxInterruptHandler                  text19       001E1A
_EUSART1_SetTxInterruptHandler                  text18       001E10
_EUSART1_Transmit_ISR                           text26       001CEE
_EUSART1_TxDefaultInterruptHandler              nvCOMRAM     000059
_EUSART1_Write                                  text10       001BD6
_INTCON2bits                                    (abs)        000FF1
_INTCONbits                                     (abs)        000FF2
_INTERRUPT_Initialize                           text16       001E4E
_INTERRUPT_InterruptManager                     intcode      000008
_LATA                                           (abs)        000F89
_LATB                                           (abs)        000F8A
_LATC                                           (abs)        000F8B
_OSCCON                                         (abs)        000FD3
_OSCCON2                                        (abs)        000FD2
_OSCILLATOR_Initialize                          text15       001DE4
_OSCTUNE                                        (abs)        000F9B
_PIE1bits                                       (abs)        000F9D
_PIN_MANAGER_Initialize                         text14       001D2A
_PIR1bits                                       (abs)        000F9E
_PR2                                            (abs)        000FCB
_PWM2_Initialize                                text13       001DD2
_PWM2_LoadDutyValue                             text23       001CB2
_RCONbits                                       (abs)        000FD0
_RCREG1                                         (abs)        000FAE
_RCSTA1                                         (abs)        000FAB
_RCSTA1bits                                     (abs)        000FAB
_REFOCON                                        (abs)        000F9A
_SPBRG1                                         (abs)        000FAF
_SPBRGH1                                        (abs)        000F7D
_SYSTEM_Initialize                              text11       001DB8
_T2CON                                          (abs)        000FCA
_T2CONbits                                      (abs)        000FCA
_TMR2                                           (abs)        000FCC
_TMR2_Initialize                                text12       001DF6
_TRISA                                          (abs)        000F92
_TRISB                                          (abs)        000F93
_TRISC                                          (abs)        000F94
_TXREG1                                         (abs)        000FAD
_TXSTA1                                         (abs)        000FAC
_TXSTA1bits                                     (abs)        000FAC
_WPUB                                           (abs)        000F5B
__HRAM                                          (abs)        000000
__H__absolute__                                 __absolute__ 000000
__Habs1                                         abs1         000000
__Hbank0                                        bank0        000000
__Hbank1                                        bank1        000000
__Hbank10                                       bank10       000000
__Hbank11                                       bank11       000000
__Hbank12                                       bank12       000000
__Hbank13                                       bank13       000000
__Hbank14                                       bank14       000000
__Hbank2                                        bank2        000000
__Hbank3                                        bank3        000000
__Hbank4                                        bank4        000000
__Hbank5                                        bank5        000000
__Hbank6                                        bank6        000000
__Hbank7                                        bank7        000000
__Hbank8                                        bank8        000000
__Hbank9                                        bank9        000000
__Hbigbss                                       bigbss       000000
__Hbigdata                                      bigdata      000000
__Hbigram                                       bigram       000000
__Hbigsfr                                       bigsfr       000000
__Hbss                                          bss          000000
__HbssBANK0                                     bssBANK0     000000
__HbssCOMRAM                                    bssCOMRAM    000000
__Hcinit                                        cinit        000000
__Hclrtext                                      clrtext      000000
__Hcomram                                       comram       000000
__Hconfig                                       config       30000E
__Hconst                                        const        000000
__HcstackBANK0                                  cstackBANK0  000000
__HcstackCOMRAM                                 cstackCOMRAM 000000
__Hdata                                         data         000000
__Heeprom_data                                  eeprom_data  000000
__Hfarbss                                       farbss       000000
__Hfardata                                      fardata      000000
__Hheap                                         heap         000000
__Hibigdata                                     ibigdata     000000
__Hidata                                        idata        000000
__Hidloc                                        idloc        000000
__Hifardata                                     ifardata     000000
__Hinit                                         init         0000B4
__Hintcode                                      intcode      0000B0
__Hintcode_body                                 intcode_body 000000
__Hintcodelo                                    intcodelo    0000B0
__Hintentry                                     intentry     000000
__Hintret                                       intret       000000
__Hintsave_regs                                 intsave_regs 000000
__Hirdata                                       irdata       000000
__Hmediumconst                                  mediumconst  000000
__HnvBANK0                                      nvBANK0      000000
__HnvCOMRAM                                     nvCOMRAM     000000
__HnvFARRAM                                     nvFARRAM     000000
__Hnvbit                                        nvbit        000000
__Hnvrram                                       nvrram       000000
__Hparam                                        rparam       000000
__Hpowerup                                      powerup      0000B0
__Hram                                          ram          000000
__Hramtop                                       ramtop       000F00
__Hrbit                                         rbit         000000
__Hrbss                                         rbss         000000
__Hrdata                                        rdata        000000
__Hreset_vec                                    reset_vec    000004
__Hrparam                                       rparam       000000
__Hsfr                                          sfr          000000
__Hsmallconst                                   smallconst   000F38
__Hspace_0                                      (abs)        001E54
__Hspace_1                                      (abs)        0000A2
__Hspace_2                                      (abs)        000000
__Hspace_4                                      (abs)        60000E
__Hstack                                        stack        000000
__Hstruct                                       struct       000000
__Htemp                                         temp         00005C
__Htext                                         text         000000
__Htext0                                        text0        000000
__Htext1                                        text1        000000
__Htext10                                       text10       000000
__Htext11                                       text11       000000
__Htext12                                       text12       000000
__Htext13                                       text13       000000
__Htext14                                       text14       000000
__Htext15                                       text15       000000
__Htext16                                       text16       000000
__Htext17                                       text17       000000
__Htext18                                       text18       000000
__Htext19                                       text19       000000
__Htext2                                        text2        000000
__Htext20                                       text20       000000
__Htext21                                       text21       000000
__Htext22                                       text22       000000
__Htext23                                       text23       000000
__Htext24                                       text24       000000
__Htext26                                       text26       000000
__Htext27                                       text27       000000
__Htext28                                       text28       000000
__Htext29                                       text29       000000
__Htext3                                        text3        000000
__Htext30                                       text30       000000
__Htext31                                       text31       000000
__Htext32                                       text32       000000
__Htext4                                        text4        000000
__Htext5                                        text5        000000
__Htext6                                        text6        000000
__Htext7                                        text7        000000
__Htext8                                        text8        000000
__Htext9                                        text9        000000
__LRAM                                          (abs)        000001
__L__absolute__                                 __absolute__ 000000
__Labs1                                         abs1         000000
__Lbank0                                        bank0        000000
__Lbank1                                        bank1        000000
__Lbank10                                       bank10       000000
__Lbank11                                       bank11       000000
__Lbank12                                       bank12       000000
__Lbank13                                       bank13       000000
__Lbank14                                       bank14       000000
__Lbank2                                        bank2        000000
__Lbank3                                        bank3        000000
__Lbank4                                        bank4        000000
__Lbank5                                        bank5        000000
__Lbank6                                        bank6        000000
__Lbank7                                        bank7        000000
__Lbank8                                        bank8        000000
__Lbank9                                        bank9        000000
__Lbigbss                                       bigbss       000000
__Lbigdata                                      bigdata      000000
__Lbigram                                       bigram       000000
__Lbigsfr                                       bigsfr       000000
__Lbss                                          bss          000000
__LbssBANK0                                     bssBANK0     000000
__LbssCOMRAM                                    bssCOMRAM    000000
__Lcinit                                        cinit        000000
__Lclrtext                                      clrtext      000000
__Lcomram                                       comram       000000
__Lconfig                                       config       000000
__Lconst                                        const        000000
__LcstackBANK0                                  cstackBANK0  000000
__LcstackCOMRAM                                 cstackCOMRAM 000000
__Ldata                                         data         000000
__Leeprom_data                                  eeprom_data  000000
__Lfarbss                                       farbss       000000
__Lfardata                                      fardata      000000
__Lheap                                         heap         000000
__Libigdata                                     ibigdata     000000
__Lidata                                        idata        000000
__Lidloc                                        idloc        000000
__Lifardata                                     ifardata     000000
__Linit                                         init         0000B0
__Lintcode                                      intcode      000008
__Lintcode_body                                 intcode_body 000000
__Lintcodelo                                    intcodelo    0000B0
__Lintentry                                     intentry     000000
__Lintret                                       intret       000000
__Lintsave_regs                                 intsave_regs 000000
__Lirdata                                       irdata       000000
__Lmediumconst                                  mediumconst  000000
__LnvBANK0                                      nvBANK0      000000
__LnvCOMRAM                                     nvCOMRAM     000000
__LnvFARRAM                                     nvFARRAM     000000
__Lnvbit                                        nvbit        000000
__Lnvrram                                       nvrram       000000
__Lparam                                        rparam       000000
__Lpowerup                                      powerup      0000B0
__Lram                                          ram          000000
__Lramtop                                       ramtop       000F00
__Lrbit                                         rbit         000000
__Lrbss                                         rbss         000000
__Lrdata                                        rdata        000000
__Lreset_vec                                    reset_vec    000000
__Lrparam                                       rparam       000000
__Lsfr                                          sfr          000000
__Lsmallconst                                   smallconst   000F00
__Lspace_0                                      (abs)        000000
__Lspace_1                                      (abs)        000000
__Lspace_2                                      (abs)        000000
__Lspace_4                                      (abs)        000000
__Lstack                                        stack        000000
__Lstruct                                       struct       000000
__Ltemp                                         temp         00005B
__Ltext                                         text         000000
__Ltext0                                        text0        000000
__Ltext1                                        text1        000000
__Ltext10                                       text10       000000
__Ltext11                                       text11       000000
__Ltext12                                       text12       000000
__Ltext13                                       text13       000000
__Ltext14                                       text14       000000
__Ltext15                                       text15       000000
__Ltext16                                       text16       000000
__Ltext17                                       text17       000000
__Ltext18                                       text18       000000
__Ltext19                                       text19       000000
__Ltext2                                        text2        000000
__Ltext20                                       text20       000000
__Ltext21                                       text21       000000
__Ltext22                                       text22       000000
__Ltext23                                       text23       000000
__Ltext24                                       text24       000000
__Ltext26                                       text26       000000
__Ltext27                                       text27       000000
__Ltext28                                       text28       000000
__Ltext29                                       text29       000000
__Ltext3                                        text3        000000
__Ltext30                                       text30       000000
__Ltext31                                       text31       000000
__Ltext32                                       text32       000000
__Ltext4                                        text4        000000
__Ltext5                                        text5        000000
__Ltext6                                        text6        000000
__Ltext7                                        text7        000000
__Ltext8                                        text8        000000
__Ltext9                                        text9        000000
__S0                                            (abs)        001E54
__S1                                            (abs)        0000A2
__S4                                            (abs)        000000
__S5                                            (abs)        000000
___fldiv                                        text4        001362
___fldiv@a                                      cstackCOMRAM 000009
___fldiv@aexp                                   cstackCOMRAM 00001D
___fldiv@b                                      cstackCOMRAM 000005
___fldiv@bexp                                   cstackCOMRAM 00001C
___fldiv@grs                                    cstackCOMRAM 000018
___fldiv@new_exp                                cstackCOMRAM 000016
___fldiv@rem                                    cstackCOMRAM 000011
___fldiv@sign                                   cstackCOMRAM 000015
___flmul                                        text3        000F38
___flmul@a                                      cstackCOMRAM 000022
___flmul@aexp                                   cstackCOMRAM 00002F
___flmul@b                                      cstackCOMRAM 00001E
___flmul@bexp                                   cstackCOMRAM 000030
___flmul@grs                                    cstackCOMRAM 00002B
___flmul@prod                                   cstackCOMRAM 000031
___flmul@sign                                   cstackCOMRAM 00002A
___flmul@temp                                   cstackCOMRAM 000035
___fltol                                        text2        0016FC
___fltol@exp1                                   cstackCOMRAM 000040
___fltol@f1                                     cstackCOMRAM 000037
___fltol@sign1                                  cstackCOMRAM 00003F
___heap_hi                                      (abs)        000000
___heap_lo                                      (abs)        000000
___inthi_sp                                     stack        000000
___inthi_stack_hi                               stack        000000
___inthi_stack_lo                               stack        000000
___intlo_sp                                     stack        000000
___intlo_stack_hi                               stack        000000
___intlo_stack_lo                               stack        000000
___param_bank                                   (abs)        000000
___rparam_used                                  (abs)        000001
___sp                                           stack        000000
___stack_hi                                     stack        000000
___stack_lo                                     stack        000000
__accesstop                                     (abs)        000060
__activetblptr                                  (abs)        000002
__end_of_EUSART1_DefaultErrorHandler            text30       001E4E
__end_of_EUSART1_DefaultFramingErrorHandler     text29       001E54
__end_of_EUSART1_DefaultOverrunErrorHandler     text28       001E48
__end_of_EUSART1_Initialize                     text17       001B68
__end_of_EUSART1_Read                           text24       001C70
__end_of_EUSART1_Receive_ISR                    text27       001AF4
__end_of_EUSART1_RxDataHandler                  text31       001D9E
__end_of_EUSART1_SetErrorHandler                text22       001E42
__end_of_EUSART1_SetFramingErrorHandler         text21       001E38
__end_of_EUSART1_SetOverrunErrorHandler         text20       001E2E
__end_of_EUSART1_SetRxInterruptHandler          text19       001E24
__end_of_EUSART1_SetTxInterruptHandler          text18       001E1A
__end_of_EUSART1_Transmit_ISR                   text26       001D2A
__end_of_EUSART1_Write                          text10       001C28
__end_of_INTERRUPT_Initialize                   text16       001E52
__end_of_INTERRUPT_InterruptManager             intcode      0000B0
__end_of_OSCILLATOR_Initialize                  text15       001DF6
__end_of_PIN_MANAGER_Initialize                 text14       001D52
__end_of_PWM2_Initialize                        text13       001DE4
__end_of_PWM2_LoadDutyValue                     text23       001CEE
__end_of_SYSTEM_Initialize                      text11       001DD2
__end_of_TMR2_Initialize                        text12       001E06
__end_of___fldiv                                text4        0016FC
__end_of___flmul                                text3        001362
__end_of___fltol                                text2        001802
__end_of__initialization                        cinit        001D6A
__end_of_fputc                                  text8        0018CC
__end_of_main                                   text0        001A44
__end_of_printf                                 text5        001DB8
__end_of_putch                                  text9        001E10
__end_of_trouver_CCPR                           text1        00198A
__end_of_vfpfcnvrt                              text7        001BD6
__end_of_vfprintf                               text6        001CB2
__initialization                                cinit        001D52
__mediumconst                                   mediumconst  000000
__pbssBANK0                                     bssBANK0     000060
__pbssCOMRAM                                    bssCOMRAM    00004B
__pcinit                                        cinit        001D52
__pcstackBANK0                                  cstackBANK0  00009E
__pcstackCOMRAM                                 cstackCOMRAM 000001
__pintcode                                      intcode      000008
__pnvBANK0                                      nvBANK0      000098
__pnvCOMRAM                                     nvCOMRAM     000057
__psmallconst                                   smallconst   000F00
__ptext0                                        text0        00198A
__ptext1                                        text1        0018CC
__ptext10                                       text10       001BD6
__ptext11                                       text11       001DB8
__ptext12                                       text12       001DF6
__ptext13                                       text13       001DD2
__ptext14                                       text14       001D2A
__ptext15                                       text15       001DE4
__ptext16                                       text16       001E4E
__ptext17                                       text17       001AF4
__ptext18                                       text18       001E10
__ptext19                                       text19       001E1A
__ptext2                                        text2        0016FC
__ptext20                                       text20       001E24
__ptext21                                       text21       001E2E
__ptext22                                       text22       001E38
__ptext23                                       text23       001CB2
__ptext24                                       text24       001C28
__ptext26                                       text26       001CEE
__ptext27                                       text27       001A44
__ptext28                                       text28       001E42
__ptext29                                       text29       001E52
__ptext3                                        text3        000F38
__ptext30                                       text30       001E48
__ptext31                                       text31       001D78
__ptext32                                       text32       000000
__ptext4                                        text4        001362
__ptext5                                        text5        001D9E
__ptext6                                        text6        001C70
__ptext7                                        text7        001B68
__ptext8                                        text8        001802
__ptext9                                        text9        001E06
__ramtop                                        ramtop       000F00
__smallconst                                    smallconst   000F00
_eusart1RxBuffer                                bssBANK0     000088
_eusart1RxCount                                 bssCOMRAM    000051
_eusart1RxHead                                  bssCOMRAM    000053
_eusart1RxLastError                             bssCOMRAM    000050
_eusart1RxStatusBuffer                          bssBANK0     000080
_eusart1RxTail                                  bssCOMRAM    000052
_eusart1TxBuffer                                bssBANK0     000090
_eusart1TxBufferRemaining                       bssCOMRAM    000054
_eusart1TxHead                                  bssCOMRAM    000056
_eusart1TxTail                                  bssCOMRAM    000055
_flags                                          bssCOMRAM    00004F
_fputc                                          text8        001802
_main                                           text0        00198A
_prec                                           bssCOMRAM    00004D
_printf                                         text5        001D9E
_putch                                          text9        001E06
_trouver_CCPR                                   text1        0018CC
_trouver_CCPR$1586                              cstackCOMRAM 000045
_vfpfcnvrt                                      text7        001B68
_vfprintf                                       text6        001C70
_width                                          bssCOMRAM    00004B
btemp                                           temp         00005B
end_of_initialization                           cinit        001D6A
fputc@c                                         cstackCOMRAM 000007
fputc@fp                                        cstackCOMRAM 000009
int$flags                                       temp         00005B
intlevel0                                       text         000000
intlevel1                                       text         000000
intlevel2                                       text         000000
intlevel3                                       text         000000
isa$std                                         (abs)        000001
isa$xinst                                       (abs)        000000
printf@ap                                       cstackCOMRAM 00001A
printf@fmt                                      cstackCOMRAM 000019
putch@txData                                    cstackCOMRAM 000006
stackhi                                         (abs)        000000
stacklo                                         (abs)        000000
start                                           init         0000B0
start_initialization                            cinit        001D52
trouver_CCPR@dutyCycle                          cstackCOMRAM 000041
ttemp5                                          temp         00005C
ttemp6                                          temp         00005F
ttemp7                                          temp         000063
vfpfcnvrt@ap                                    cstackCOMRAM 000013
vfpfcnvrt@fmt                                   cstackCOMRAM 000012
vfpfcnvrt@fp                                    cstackCOMRAM 000010
vfprintf@ap                                     cstackCOMRAM 000017
vfprintf@cfmt                                   cstackCOMRAM 000018
vfprintf@fmt                                    cstackCOMRAM 000016
vfprintf@fp                                     cstackCOMRAM 000014
wtemp8                                          temp         00005C


MODULE INFORMATION

Module		Function		Class		Link	Load	Size
mcc_generated_files/tmr2.c
		_TMR2_Initialize		CODE           	1DF6	0000	16

mcc_generated_files/tmr2.c estimated size: 16

mcc_generated_files/interrupt_manager.c
		_INTERRUPT_Initialize		CODE           	1E4E	0000	4
		_INTERRUPT_InterruptManager		CODE           	0008	0000	168

mcc_generated_files/interrupt_manager.c estimated size: 172

mcc_generated_files/pwm2.c
		_PWM2_Initialize		CODE           	1DD2	0000	18
		_PWM2_LoadDutyValue		CODE           	1CB2	0000	60

mcc_generated_files/pwm2.c estimated size: 78

mcc_generated_files/pin_manager.c
		_PIN_MANAGER_Initialize		CODE           	1D2A	0000	40

mcc_generated_files/pin_manager.c estimated size: 40

C:\Program Files\Microchip\xc8\v2.45\pic\sources\c99\common\printf.c
		_printf        		CODE           	1D9E	0000	26

C:\Program Files\Microchip\xc8\v2.45\pic\sources\c99\common\printf.c estimated size: 26

C:\Program Files\Microchip\xc8\v2.45\pic\sources\c99\common\sprcmul.c
		___flmul       		CODE           	0F38	0000	1066

C:\Program Files\Microchip\xc8\v2.45\pic\sources\c99\common\sprcmul.c estimated size: 1066

C:\Program Files\Microchip\xc8\v2.45\pic\sources\c99\common\sprcdiv.c
		___fldiv       		CODE           	1362	0000	922

C:\Program Files\Microchip\xc8\v2.45\pic\sources\c99\common\sprcdiv.c estimated size: 922

shared
		__initialization		CODE           	1D52	0000	24

shared estimated size: 24

mcc_generated_files/eusart1.c
		_EUSART1_SetRxInterruptHandler		CODE           	1E1A	0000	10
		_EUSART1_SetTxInterruptHandler		CODE           	1E10	0000	10
		_EUSART1_Initialize		CODE           	1AF4	0000	116
		_putch         		CODE           	1E06	0000	10
		_EUSART1_DefaultErrorHandler		CODE           	1E48	0000	6
		_EUSART1_SetFramingErrorHandler		CODE           	1E2E	0000	10
		_EUSART1_Read  		CODE           	1C28	0000	72
		_EUSART1_SetOverrunErrorHandler		CODE           	1E24	0000	10
		_EUSART1_SetErrorHandler		CODE           	1E38	0000	10
		_EUSART1_Write 		CODE           	1BD6	0000	82
		_EUSART1_Receive_ISR		CODE           	1A44	0000	176
		_EUSART1_RxDataHandler		CODE           	1D78	0000	38
		_EUSART1_DefaultOverrunErrorHandler		CODE           	1E42	0000	6
		_EUSART1_Transmit_ISR		CODE           	1CEE	0000	60
		_EUSART1_DefaultFramingErrorHandler		CODE           	1E52	0000	2

mcc_generated_files/eusart1.c estimated size: 618

mcc_generated_files/mcc.c
		_OSCILLATOR_Initialize		CODE           	1DE4	0000	18
		_SYSTEM_Initialize		CODE           	1DB8	0000	26

mcc_generated_files/mcc.c estimated size: 44

main.c
		_trouver_CCPR  		CODE           	18CC	0000	190
		_main          		CODE           	198A	0000	186

main.c estimated size: 376

C:\Program Files\Microchip\xc8\v2.45\pic\sources\c99\common\nf_fputc.c
		_fputc         		CODE           	1802	0000	202

C:\Program Files\Microchip\xc8\v2.45\pic\sources\c99\common\nf_fputc.c estimated size: 202

C:\Program Files\Microchip\xc8\v2.45\pic\sources\c99\common\doprnt.c
		_vfpfcnvrt     		CODE           	1B68	0000	110
		_vfprintf      		CODE           	1C70	0000	66

C:\Program Files\Microchip\xc8\v2.45\pic\sources\c99\common\doprnt.c estimated size: 176

C:\Program Files\Microchip\xc8\v2.45\pic\sources\c99\common\fltol.c
		___fltol       		CODE           	16FC	0000	262

C:\Program Files\Microchip\xc8\v2.45\pic\sources\c99\common\fltol.c estimated size: 262

